// Jest Snapshot v1, https://goo.gl/fbAQLP

exports[`<Cart /> renders and matches snappy 1`] = `null`;
